Create status: 422
Create response: {"detail":[{"type":"date_from_datetime_inexact","loc":["body","due_date"],"msg":"Datetimes provided to dates should have zero time - e.g. be exact dates","input":"2026-03-25T14:30:00"}]}